Archive member included to satisfy reference by file (symbol)

c:/program files (x86)/atmel/studio/7.0/toolchain/arm/arm-gnu-toolchain/bin/../lib/gcc/arm-none-eabi/6.3.1/thumb/v6-m\libgcc.a(_aeabi_uldivmod.o)
                              hpl/sercom/hpl_sercom.o (__aeabi_uldivmod)
c:/program files (x86)/atmel/studio/7.0/toolchain/arm/arm-gnu-toolchain/bin/../lib/gcc/arm-none-eabi/6.3.1/thumb/v6-m\libgcc.a(_muldi3.o)
                              hpl/sercom/hpl_sercom.o (__aeabi_lmul)
c:/program files (x86)/atmel/studio/7.0/toolchain/arm/arm-gnu-toolchain/bin/../lib/gcc/arm-none-eabi/6.3.1/thumb/v6-m\libgcc.a(_fixunsdfsi.o)
                              hpl/sercom/hpl_sercom.o (__aeabi_d2uiz)
c:/program files (x86)/atmel/studio/7.0/toolchain/arm/arm-gnu-toolchain/bin/../lib/gcc/arm-none-eabi/6.3.1/thumb/v6-m\libgcc.a(_udivmoddi4.o)
                              c:/program files (x86)/atmel/studio/7.0/toolchain/arm/arm-gnu-toolchain/bin/../lib/gcc/arm-none-eabi/6.3.1/thumb/v6-m\libgcc.a(_aeabi_uldivmod.o) (__udivmoddi4)
c:/program files (x86)/atmel/studio/7.0/toolchain/arm/arm-gnu-toolchain/bin/../lib/gcc/arm-none-eabi/6.3.1/thumb/v6-m\libgcc.a(divdf3.o)
                              hpl/sercom/hpl_sercom.o (__aeabi_ddiv)
c:/program files (x86)/atmel/studio/7.0/toolchain/arm/arm-gnu-toolchain/bin/../lib/gcc/arm-none-eabi/6.3.1/thumb/v6-m\libgcc.a(muldf3.o)
                              hpl/sercom/hpl_sercom.o (__aeabi_dmul)
c:/program files (x86)/atmel/studio/7.0/toolchain/arm/arm-gnu-toolchain/bin/../lib/gcc/arm-none-eabi/6.3.1/thumb/v6-m\libgcc.a(subdf3.o)
                              hpl/sercom/hpl_sercom.o (__aeabi_dsub)
c:/program files (x86)/atmel/studio/7.0/toolchain/arm/arm-gnu-toolchain/bin/../lib/gcc/arm-none-eabi/6.3.1/thumb/v6-m\libgcc.a(fixdfsi.o)
                              c:/program files (x86)/atmel/studio/7.0/toolchain/arm/arm-gnu-toolchain/bin/../lib/gcc/arm-none-eabi/6.3.1/thumb/v6-m\libgcc.a(_fixunsdfsi.o) (__aeabi_d2iz)
c:/program files (x86)/atmel/studio/7.0/toolchain/arm/arm-gnu-toolchain/bin/../lib/gcc/arm-none-eabi/6.3.1/thumb/v6-m\libgcc.a(floatsidf.o)
                              hpl/sercom/hpl_sercom.o (__aeabi_i2d)
c:/program files (x86)/atmel/studio/7.0/toolchain/arm/arm-gnu-toolchain/bin/../lib/gcc/arm-none-eabi/6.3.1/thumb/v6-m\libgcc.a(floatunsidf.o)
                              hpl/sercom/hpl_sercom.o (__aeabi_ui2d)
c:/program files (x86)/atmel/studio/7.0/toolchain/arm/arm-gnu-toolchain/bin/../lib/gcc/arm-none-eabi/6.3.1/thumb/v6-m\libgcc.a(_dvmd_tls.o)
                              c:/program files (x86)/atmel/studio/7.0/toolchain/arm/arm-gnu-toolchain/bin/../lib/gcc/arm-none-eabi/6.3.1/thumb/v6-m\libgcc.a(_aeabi_uldivmod.o) (__aeabi_ldiv0)
c:/program files (x86)/atmel/studio/7.0/toolchain/arm/arm-gnu-toolchain/bin/../lib/gcc/arm-none-eabi/6.3.1/thumb/v6-m\libgcc.a(_arm_cmpdf2.o)
                              c:/program files (x86)/atmel/studio/7.0/toolchain/arm/arm-gnu-toolchain/bin/../lib/gcc/arm-none-eabi/6.3.1/thumb/v6-m\libgcc.a(_fixunsdfsi.o) (__aeabi_dcmpge)
c:/program files (x86)/atmel/studio/7.0/toolchain/arm/arm-gnu-toolchain/bin/../lib/gcc/arm-none-eabi/6.3.1/thumb/v6-m\libgcc.a(_clzsi2.o)
                              c:/program files (x86)/atmel/studio/7.0/toolchain/arm/arm-gnu-toolchain/bin/../lib/gcc/arm-none-eabi/6.3.1/thumb/v6-m\libgcc.a(divdf3.o) (__clzsi2)
c:/program files (x86)/atmel/studio/7.0/toolchain/arm/arm-gnu-toolchain/bin/../lib/gcc/arm-none-eabi/6.3.1/thumb/v6-m\libgcc.a(_clzdi2.o)
                              c:/program files (x86)/atmel/studio/7.0/toolchain/arm/arm-gnu-toolchain/bin/../lib/gcc/arm-none-eabi/6.3.1/thumb/v6-m\libgcc.a(_udivmoddi4.o) (__clzdi2)
c:/program files (x86)/atmel/studio/7.0/toolchain/arm/arm-gnu-toolchain/bin/../lib/gcc/arm-none-eabi/6.3.1/thumb/v6-m\libgcc.a(eqdf2.o)
                              c:/program files (x86)/atmel/studio/7.0/toolchain/arm/arm-gnu-toolchain/bin/../lib/gcc/arm-none-eabi/6.3.1/thumb/v6-m\libgcc.a(_arm_cmpdf2.o) (__eqdf2)
c:/program files (x86)/atmel/studio/7.0/toolchain/arm/arm-gnu-toolchain/bin/../lib/gcc/arm-none-eabi/6.3.1/thumb/v6-m\libgcc.a(gedf2.o)
                              c:/program files (x86)/atmel/studio/7.0/toolchain/arm/arm-gnu-toolchain/bin/../lib/gcc/arm-none-eabi/6.3.1/thumb/v6-m\libgcc.a(_arm_cmpdf2.o) (__gedf2)
c:/program files (x86)/atmel/studio/7.0/toolchain/arm/arm-gnu-toolchain/bin/../lib/gcc/arm-none-eabi/6.3.1/thumb/v6-m\libgcc.a(ledf2.o)
                              c:/program files (x86)/atmel/studio/7.0/toolchain/arm/arm-gnu-toolchain/bin/../lib/gcc/arm-none-eabi/6.3.1/thumb/v6-m\libgcc.a(_arm_cmpdf2.o) (__ledf2)
c:/program files (x86)/atmel/studio/7.0/toolchain/arm/arm-gnu-toolchain/bin/../lib/gcc/arm-none-eabi/6.3.1/../../../../arm-none-eabi/lib/thumb/v6-m\libc_nano.a(lib_a-exit.o)
[...]
Memory Configuration

Name             Origin             Length             Attributes
rom              0x00000000         0x00040000         xr
ram              0x20000000         0x00008000         xrw
*default*        0x00000000         0xffffffff

Linker script and memory map

LOAD c:/program files (x86)/atmel/studio/7.0/toolchain/arm/arm-gnu-toolchain/bin/../lib/gcc/arm-none-eabi/6.3.1/thumb/v6-m/crti.o
LOAD c:/program files (x86)/atmel/studio/7.0/toolchain/arm/arm-gnu-toolchain/bin/../lib/gcc/arm-none-eabi/6.3.1/thumb/v6-m/crtbegin.o
LOAD c:/program files (x86)/atmel/studio/7.0/toolchain/arm/arm-gnu-toolchain/bin/../lib/gcc/arm-none-eabi/6.3.1/../../../../arm-none-eabi/lib/thumb/v6-m/crt0.o
LOAD atmel_start.o
LOAD Device_Startup/startup_samc21.o
LOAD Device_Startup/system_samc21.o
LOAD driver_init.o
LOAD examples/driver_examples.o
LOAD hal/src/hal_atomic.o
LOAD hal/src/hal_delay.o
LOAD hal/src/hal_gpio.o
LOAD hal/src/hal_init.o
LOAD hal/src/hal_io.o
LOAD hal/src/hal_sleep.o
LOAD hal/src/hal_timer.o
LOAD hal/src/hal_usart_sync.o
LOAD hal/utils/src/utils_assert.o
LOAD hal/utils/src/utils_event.o
LOAD hal/utils/src/utils_list.o
LOAD hal/utils/src/utils_syscalls.o
LOAD hpl/core/hpl_core_m0plus_base.o
LOAD hpl/core/hpl_init.o
LOAD hpl/divas/hpl_divas.o
LOAD hpl/dmac/hpl_dmac.o
LOAD hpl/gclk/hpl_gclk.o
LOAD hpl/mclk/hpl_mclk.o
LOAD hpl/osc32kctrl/hpl_osc32kctrl.o
LOAD hpl/oscctrl/hpl_oscctrl.o
LOAD hpl/pm/hpl_pm.o
LOAD hpl/rtc/hpl_rtc.o
LOAD hpl/sercom/hpl_sercom.o
LOAD main.o
LOAD stdio_redirect/gcc/read.o
LOAD stdio_redirect/gcc/write.o
LOAD stdio_redirect/stdio_io.o
LOAD stdio_start.o
START GROUP
LOAD c:/program files (x86)/atmel/studio/7.0/toolchain/arm/arm-gnu-toolchain/bin/../lib/gcc/arm-none-eabi/6.3.1/../../../../arm-none-eabi/lib/thumb/v6-m\libm.a
END GROUP
START GROUP
LOAD c:/program files (x86)/atmel/studio/7.0/toolchain/arm/arm-gnu-toolchain/bin/../lib/gcc/arm-none-eabi/6.3.1/thumb/v6-m\libgcc.a
LOAD c:/program files (x86)/atmel/studio/7.0/toolchain/arm/arm-gnu-toolchain/bin/../lib/gcc/arm-none-eabi/6.3.1/../../../../arm-none-eabi/lib/thumb/v6-m\libc_nano.a
END GROUP
START GROUP
LOAD c:/program files (x86)/atmel/studio/7.0/toolchain/arm/arm-gnu-toolchain/bin/../lib/gcc/arm-none-eabi/6.3.1/thumb/v6-m\libgcc.a
LOAD c:/program files (x86)/atmel/studio/7.0/toolchain/arm/arm-gnu-toolchain/bin/../lib/gcc/arm-none-eabi/6.3.1/../../../../arm-none-eabi/lib/thumb/v6-m\libc_nano.a
END GROUP
LOAD c:/program files (x86)/atmel/studio/7.0/toolchain/arm/arm-gnu-toolchain/bin/../lib/gcc/arm-none-eabi/6.3.1/thumb/v6-m/crtend.o
LOAD c:/program files (x86)/atmel/studio/7.0/toolchain/arm/arm-gnu-toolchain/bin/../lib/gcc/arm-none-eabi/6.3.1/thumb/v6-m/crtn.o
                0x00002000                STACK_SIZE = DEFINED (STACK_SIZE)?STACK_SIZE:DEFINED (__stack_size__)?__stack_size__:0x2000

.text           0x00000000     0x15e8
                0x00000000                . = ALIGN (0x4)
                0x00000000                _sfixed = .
 *(.vectors .vectors.*)
 .vectors       0x00000000       0xbc Device_Startup/startup_samc21.o
                0x00000000                exception_table
 *(.text .text.* .gnu.linkonce.t.*)
 .text          0x000000bc       0x60 c:/program files (x86)/atmel/studio/7.0/toolchain/arm/arm-gnu-toolchain/bin/../lib/gcc/arm-none-eabi/6.3.1/thumb/v6-m/crtbegin.o
 .text.atmel_start_init
                0x0000011c       0x14 atmel_start.o
                0x0000011c                atmel_start_init
 .text.Dummy_Handler
                0x00000130        0x2 Device_Startup/startup_samc21.o
                0x00000130                SVCall_Handler
                0x00000130                DMAC_Handler
                0x00000130                HardFault_Handler
                0x00000130                TC2_Handler
                0x00000130                AC_Handler
                0x00000130                SysTick_Handler
                0x00000130                PendSV_Handler
                0x00000130                SERCOM1_Handler
                0x00000130                NonMaskableInt_Handler
                0x00000130                TCC1_Handler
                0x00000130                SERCOM2_Handler
                0x00000130                TCC0_Handler
                0x00000130                ADC1_Handler
                0x00000130                EIC_Handler
                0x00000130                WDT_Handler
                0x00000130                CAN0_Handler
                0x00000130                TC4_Handler
                0x00000130                TC1_Handler
                0x00000130                TC3_Handler
                0x00000130                SDADC_Handler
                0x00000130                Dummy_Handler
                0x00000130                SERCOM5_Handler
                0x00000130                CAN1_Handler
                0x00000130                ADC0_Handler
                0x00000130                TSENS_Handler
                0x00000130                TCC2_Handler
                0x00000130                EVSYS_Handler
                0x00000130                SERCOM3_Handler
                0x00000130                SERCOM4_Handler
                0x00000130                NVMCTRL_Handler
                0x00000130                SYSTEM_Handler
                0x00000130                SERCOM0_Handler
                0x00000130                DAC_Handler
                0x00000130                PTC_Handler
                0x00000130                FREQM_Handler
                0x00000130                TC0_Handler
 *fill*         0x00000132        0x2 
 .text.Reset_Handler
                0x00000134       0x68 Device_Startup/startup_samc21.o
                0x00000134                Reset_Handler
 .text.TIMER_0_init
                0x0000019c       0x34 driver_init.o
 .text.TARGET_IO_PORT_init
                0x000001d0       0x42 driver_init.o
                0x000001d0                TARGET_IO_PORT_init
 *fill*         0x00000212        0x2 
 .text.TARGET_IO_CLOCK_init
                0x00000214       0x24 driver_init.o
                0x00000214                TARGET_IO_CLOCK_init
 .text.TARGET_IO_init
                0x00000238       0x2c driver_init.o
                0x00000238                TARGET_IO_init
 .text.system_init
                0x00000264       0x68 driver_init.o
                0x00000264                system_init
 .text.atomic_enter_critical
                0x000002cc        0xe hal/src/hal_atomic.o
                0x000002cc                atomic_enter_critical
 .text.atomic_leave_critical
                0x000002da        0xc hal/src/hal_atomic.o
                0x000002da                atomic_leave_critical
 *fill*         0x000002e6        0x2 
 .text.io_write
                0x000002e8       0x38 hal/src/hal_io.o
                0x000002e8                io_write
 .text.io_read  0x00000320       0x38 hal/src/hal_io.o
                0x00000320                io_read
 .text.timer_add_timer_task
                0x00000358       0x58 hal/src/hal_timer.o
 .text.timer_process_counted
                0x000003b0       0x64 hal/src/hal_timer.o
 .text.timer_init
                0x00000414       0x44 hal/src/hal_timer.o
                0x00000414                timer_init
 .text.timer_start
                0x00000458       0x3c hal/src/hal_timer.o
                0x00000458                timer_start
 .text.timer_add_task
                0x00000494       0xb0 hal/src/hal_timer.o
                0x00000494                timer_add_task
 .text.usart_sync_write
                0x00000544       0x74 hal/src/hal_usart_sync.o
 .text.usart_sync_read
                0x000005b8       0x6c hal/src/hal_usart_sync.o
 .text.usart_sync_init
                0x00000624       0x4c hal/src/hal_usart_sync.o
                0x00000624                usart_sync_init
 .text.usart_sync_enable
                0x00000670       0x2c hal/src/hal_usart_sync.o
                0x00000670                usart_sync_enable
 .text.assert   0x0000069c        0x8 hal/utils/src/utils_assert.o
                0x0000069c                assert
 .text.is_list_element
                0x000006a4       0x16 hal/utils/src/utils_list.o
                0x000006a4                is_list_element
 *fill*         0x000006ba        0x2 
 .text.list_insert_as_head
                0x000006bc       0x2c hal/utils/src/utils_list.o
                0x000006bc                list_insert_as_head
 .text.list_insert_after
                0x000006e8        0x8 hal/utils/src/utils_list.o
                0x000006e8                list_insert_after
 .text.list_remove_head
                0x000006f0       0x12 hal/utils/src/utils_list.o
                0x000006f0                list_remove_head
 *fill*         0x00000702        0x2 
 .text._sbrk    0x00000704       0x24 hal/utils/src/utils_syscalls.o
                0x00000704                _sbrk
 .text._close   0x00000728        0x6 hal/utils/src/utils_syscalls.o
                0x00000728                _close
 .text._fstat   0x0000072e        0xa hal/utils/src/utils_syscalls.o
                0x0000072e                _fstat
 .text._lseek   0x00000738        0x4 hal/utils/src/utils_syscalls.o
                0x00000738                _lseek
 .text._init_chip
                0x0000073c       0x40 hpl/core/hpl_init.o
                0x0000073c                _init_chip
 .text._div_init
                0x0000077c        0xe hpl/divas/hpl_divas.o
                0x0000077c                _div_init
 *fill*         0x0000078a        0x2 
 .text._gclk_init_generators_by_fref
                0x0000078c       0x24 hpl/gclk/hpl_gclk.o
                0x0000078c                _gclk_init_generators_by_fref
 .text._mclk_init
                0x000007b0        0xc hpl/mclk/hpl_mclk.o
                0x000007b0                _mclk_init
 .text._osc32kctrl_init_sources
                0x000007bc       0x1c hpl/osc32kctrl/hpl_osc32kctrl.o
                0x000007bc                _osc32kctrl_init_sources
 .text._oscctrl_init_sources
                0x000007d8       0x3c hpl/oscctrl/hpl_oscctrl.o
                0x000007d8                _oscctrl_init_sources
 .text._oscctrl_init_referenced_generators
                0x00000814        0x2 hpl/oscctrl/hpl_oscctrl.o
                0x00000814                _oscctrl_init_referenced_generators
 .text._rtc_timer_interrupt_handler
                0x00000816       0x1e hpl/rtc/hpl_rtc.o
 .text._timer_init
                0x00000834       0x68 hpl/rtc/hpl_rtc.o
                0x00000834                _timer_init
 .text._timer_start
                0x0000089c       0x5c hpl/rtc/hpl_rtc.o
                0x0000089c                _timer_start
 .text._timer_is_started
                0x000008f8       0x18 hpl/rtc/hpl_rtc.o
                0x000008f8                _timer_is_started
 .text._timer_set_irq
                0x00000910        0x2 hpl/rtc/hpl_rtc.o
                0x00000910                _timer_set_irq
 .text._rtc_get_timer
                0x00000912        0x4 hpl/rtc/hpl_rtc.o
                0x00000912                _rtc_get_timer
 *fill*         0x00000916        0x2 
 .text.RTC_Handler
                0x00000918       0x14 hpl/rtc/hpl_rtc.o
                0x00000918                RTC_Handler
 .text._sercom_get_hardware_index
                0x0000092c       0x10 hpl/sercom/hpl_sercom.o
 .text._get_sercom_index
                0x0000093c       0x44 hpl/sercom/hpl_sercom.o
 .text._usart_init
                0x00000980       0xf0 hpl/sercom/hpl_sercom.o
 .text._usart_sync_init
                0x00000a70       0x2c hpl/sercom/hpl_sercom.o
                0x00000a70                _usart_sync_init
 .text._usart_sync_enable
                0x00000a9c       0x12 hpl/sercom/hpl_sercom.o
                0x00000a9c                _usart_sync_enable
 .text._usart_sync_write_byte
                0x00000aae        0x8 hpl/sercom/hpl_sercom.o
                0x00000aae                _usart_sync_write_byte
 .text._usart_sync_read_byte
                0x00000ab6        0x8 hpl/sercom/hpl_sercom.o
                0x00000ab6                _usart_sync_read_byte
 .text._usart_sync_is_ready_to_send
                0x00000abe        0xa hpl/sercom/hpl_sercom.o
                0x00000abe                _usart_sync_is_ready_to_send
 .text._usart_sync_is_transmit_done
                0x00000ac8        0xc hpl/sercom/hpl_sercom.o
                0x00000ac8                _usart_sync_is_transmit_done
 .text._usart_sync_is_byte_received
                0x00000ad4        0xc hpl/sercom/hpl_sercom.o
                0x00000ad4                _usart_sync_is_byte_received
 .text.TIMER_0_task1_cb
                0x00000ae0        0xc main.o
 .text.TIMER_0_task2_cb
                0x00000aec       0x14 main.o
 .text.TIMER_0_task3_cb
                0x00000b00        0xe main.o
 *fill*         0x00000b0e        0x2 
 .text.main     0x00000b10       0x70 main.o
                0x00000b10                main
 .text._read    0x00000b80       0x28 stdio_redirect/gcc/read.o
                0x00000b80                _read
 .text._write   0x00000ba8       0x28 stdio_redirect/gcc/write.o
                0x00000ba8                _write
 .text.stdio_io_init
                0x00000bd0       0x2c stdio_redirect/stdio_io.o
                0x00000bd0                stdio_io_init
 .text.stdio_io_read
                0x00000bfc       0x24 stdio_redirect/stdio_io.o
                0x00000bfc                stdio_io_read
 .text.stdio_io_write
                0x00000c20       0x24 stdio_redirect/stdio_io.o
                0x00000c20                stdio_io_write
 .text.stdio_redirect_init
                0x00000c44       0x20 stdio_start.o
                0x00000c44                stdio_redirect_init
 .text.__libc_init_array
                0x00000c64       0x48 c:/program files (x86)/atmel/studio/7.0/toolchain/arm/arm-gnu-toolchain/bin/../lib/gcc/arm-none-eabi/6.3.1/../../../../arm-none-eabi/lib/thumb/v6-m\libc_nano.a(lib_a-init.o)
                0x00000c64                __libc_init_array
 .text.memset   0x00000cac       0x10 c:/program files (x86)/atmel/studio/7.0/toolchain/arm/arm-gnu-toolchain/bin/../lib/gcc/arm-none-eabi/6.3.1/../../../../arm-none-eabi/lib/thumb/v6-m\libc_nano.a(lib_a-memset.o)
                0x00000cac                memset
 .text.setbuf   0x00000cbc       0x12 c:/program files (x86)/atmel/studio/7.0/toolchain/arm/arm-gnu-toolchain/bin/../lib/gcc/arm-none-eabi/6.3.1/../../../../arm-none-eabi/lib/thumb/v6-m\libc_nano.a(lib_a-setbuf.o)
                0x00000cbc                setbuf
 *fill*         0x00000cce        0x2 
 .text.setvbuf  0x00000cd0      0x158 c:/program files (x86)/atmel/studio/7.0/toolchain/arm/arm-gnu-toolchain/bin/../lib/gcc/arm-none-eabi/6.3.1/../../../../arm-none-eabi/lib/thumb/v6-m\libc_nano.a(lib_a-setvbuf.o)
                0x00000cd0                setvbuf
 .text.__sflush_r
                0x00000e28      0x114 c:/program files (x86)/atmel/studio/7.0/toolchain/arm/arm-gnu-toolchain/bin/../lib/gcc/arm-none-eabi/6.3.1/../../../../arm-none-eabi/lib/thumb/v6-m\libc_nano.a(lib_a-fflush.o)
                0x00000e28                __sflush_r
 .text._fflush_r
                0x00000f3c       0x58 c:/program files (x86)/atmel/studio/7.0/toolchain/arm/arm-gnu-toolchain/bin/../lib/gcc/arm-none-eabi/6.3.1/../../../../arm-none-eabi/lib/thumb/v6-m\libc_nano.a(lib_a-fflush.o)
                0x00000f3c                _fflush_r
 .text._cleanup_r
                0x00000f94       0x10 c:/program files (x86)/atmel/studio/7.0/toolchain/arm/arm-gnu-toolchain/bin/../lib/gcc/arm-none-eabi/6.3.1/../../../../arm-none-eabi/lib/thumb/v6-m\libc_nano.a(lib_a-findfp.o)
                0x00000f94                _cleanup_r
 .text.std.isra.0
                0x00000fa4       0x48 c:/program files (x86)/atmel/studio/7.0/toolchain/arm/arm-gnu-toolchain/bin/../lib/gcc/arm-none-eabi/6.3.1/../../../../arm-none-eabi/lib/thumb/v6-m\libc_nano.a(lib_a-findfp.o)
 .text.__sfmoreglue
                0x00000fec       0x2c c:/program files (x86)/atmel/studio/7.0/toolchain/arm/arm-gnu-toolchain/bin/../lib/gcc/arm-none-eabi/6.3.1/../../../../arm-none-eabi/lib/thumb/v6-m\libc_nano.a(lib_a-findfp.o)
                0x00000fec                __sfmoreglue
 .text.__sinit  0x00001018       0x68 c:/program files (x86)/atmel/studio/7.0/toolchain/arm/arm-gnu-toolchain/bin/../lib/gcc/arm-none-eabi/6.3.1/../../../../arm-none-eabi/lib/thumb/v6-m\libc_nano.a(lib_a-findfp.o)
                0x00001018                __sinit
 .text.__sfp    0x00001080       0x80 c:/program files (x86)/atmel/studio/7.0/toolchain/arm/arm-gnu-toolchain/bin/../lib/gcc/arm-none-eabi/6.3.1/../../../../arm-none-eabi/lib/thumb/v6-m\libc_nano.a(lib_a-findfp.o)
                0x00001080                __sfp
 .text._fwalk_reent
                0x00001100       0x42 c:/program files (x86)/atmel/studio/7.0/toolchain/arm/arm-gnu-toolchain/bin/../lib/gcc/arm-none-eabi/6.3.1/../../../../arm-none-eabi/lib/thumb/v6-m\libc_nano.a(lib_a-fwalk.o)
                0x00001100                _fwalk_reent
 *fill*         0x00001142        0x2 
 .text.__swhatbuf_r
                0x00001144       0x50 c:/program files (x86)/atmel/studio/7.0/toolchain/arm/arm-gnu-toolchain/bin/../lib/gcc/arm-none-eabi/6.3.1/../../../../arm-none-eabi/lib/thumb/v6-m\libc_nano.a(lib_a-makebuf.o)
                0x00001144                __swhatbuf_r
 .text.malloc   0x00001194       0x14 c:/program files (x86)/atmel/studio/7.0/toolchain/arm/arm-gnu-toolchain/bin/../lib/gcc/arm-none-eabi/6.3.1/../../../../arm-none-eabi/lib/thumb/v6-m\libc_nano.a(lib_a-malloc.o)
                0x00001194                malloc
 .text._free_r  0x000011a8       0x94 c:/program files (x86)/atmel/studio/7.0/toolchain/arm/arm-gnu-toolchain/bin/../lib/gcc/arm-none-eabi/6.3.1/../../../../arm-none-eabi/lib/thumb/v6-m\libc_nano.a(lib_a-nano-freer.o)
                0x000011a8                _free_r
 .text._malloc_r
                0x0000123c       0xbc c:/program files (x86)/atmel/studio/7.0/toolchain/arm/arm-gnu-toolchain/bin/../lib/gcc/arm-none-eabi/6.3.1/../../../../arm-none-eabi/lib/thumb/v6-m\libc_nano.a(lib_a-nano-mallocr.o)
                0x0000123c                _malloc_r
 .text._sbrk_r  0x000012f8       0x24 c:/program files (x86)/atmel/studio/7.0/toolchain/arm/arm-gnu-toolchain/bin/../lib/gcc/arm-none-eabi/6.3.1/../../../../arm-none-eabi/lib/thumb/v6-m\libc_nano.a(lib_a-sbrkr.o)
                0x000012f8                _sbrk_r
 .text.__sread  0x0000131c       0x28 c:/program files (x86)/atmel/studio/7.0/toolchain/arm/arm-gnu-toolchain/bin/../lib/gcc/arm-none-eabi/6.3.1/../../../../arm-none-eabi/lib/thumb/v6-m\libc_nano.a(lib_a-stdio.o)
                0x0000131c                __sread
 .text.__swrite
                0x00001344       0x38 c:/program files (x86)/atmel/studio/7.0/toolchain/arm/arm-gnu-toolchain/bin/../lib/gcc/arm-none-eabi/6.3.1/../../../../arm-none-eabi/lib/thumb/v6-m\libc_nano.a(lib_a-stdio.o)
                0x00001344                __swrite
 .text.__sseek  0x0000137c       0x2c c:/program files (x86)/atmel/studio/7.0/toolchain/arm/arm-gnu-toolchain/bin/../lib/gcc/arm-none-eabi/6.3.1/../../../../arm-none-eabi/lib/thumb/v6-m\libc_nano.a(lib_a-stdio.o)
                0x0000137c                __sseek
 .text.__sclose
                0x000013a8        0xc c:/program files (x86)/atmel/studio/7.0/toolchain/arm/arm-gnu-toolchain/bin/../lib/gcc/arm-none-eabi/6.3.1/../../../../arm-none-eabi/lib/thumb/v6-m\libc_nano.a(lib_a-stdio.o)
                0x000013a8                __sclose
 .text._write_r
                0x000013b4       0x28 c:/program files (x86)/atmel/studio/7.0/toolchain/arm/arm-gnu-toolchain/bin/../lib/gcc/arm-none-eabi/6.3.1/../../../../arm-none-eabi/lib/thumb/v6-m\libc_nano.a(lib_a-writer.o)
                0x000013b4                _write_r
 .text._close_r
                0x000013dc       0x24 c:/program files (x86)/atmel/studio/7.0/toolchain/arm/arm-gnu-toolchain/bin/../lib/gcc/arm-none-eabi/6.3.1/../../../../arm-none-eabi/lib/thumb/v6-m\libc_nano.a(lib_a-closer.o)
                0x000013dc                _close_r
 .text._fstat_r
                0x00001400       0x24 c:/program files (x86)/atmel/studio/7.0/toolchain/arm/arm-gnu-toolchain/bin/../lib/gcc/arm-none-eabi/6.3.1/../../../../arm-none-eabi/lib/thumb/v6-m\libc_nano.a(lib_a-fstatr.o)
                0x00001400                _fstat_r
 .text._lseek_r
                0x00001424       0x28 c:/program files (x86)/atmel/studio/7.0/toolchain/arm/arm-gnu-toolchain/bin/../lib/gcc/arm-none-eabi/6.3.1/../../../../arm-none-eabi/lib/thumb/v6-m\libc_nano.a(lib_a-lseekr.o)
                0x00001424                _lseek_r
 .text.__malloc_lock
                0x0000144c        0x2 c:/program files (x86)/atmel/studio/7.0/toolchain/arm/arm-gnu-toolchain/bin/../lib/gcc/arm-none-eabi/6.3.1/../../../../arm-none-eabi/lib/thumb/v6-m\libc_nano.a(lib_a-mlock.o)
                0x0000144c                __malloc_lock
 .text.__malloc_unlock
                0x0000144e        0x2 c:/program files (x86)/atmel/studio/7.0/toolchain/arm/arm-gnu-toolchain/bin/../lib/gcc/arm-none-eabi/6.3.1/../../../../arm-none-eabi/lib/thumb/v6-m\libc_nano.a(lib_a-mlock.o)
                0x0000144e                __malloc_unlock
 .text._read_r  0x00001450       0x28 c:/program files (x86)/atmel/studio/7.0/toolchain/arm/arm-gnu-toolchain/bin/../lib/gcc/arm-none-eabi/6.3.1/../../../../arm-none-eabi/lib/thumb/v6-m\libc_nano.a(lib_a-readr.o)
                0x00001450                _read_r
 *(.glue_7t)
 .glue_7t       0x00001478        0x0 linker stubs
 *(.glue_7)
 .glue_7        0x00001478        0x0 linker stubs
 *(.rodata .rodata* .gnu.linkonce.r.*)
 .rodata.str1.4
                0x00001478       0x14 hal/src/hal_io.o
 .rodata.str1.4
                0x0000148c       0x17 hal/src/hal_timer.o
 *fill*         0x000014a3        0x1 
 .rodata.str1.4
                0x000014a4       0x1c hal/src/hal_usart_sync.o
 .rodata.str1.4
                0x000014c0       0x1e hal/utils/src/utils_list.o
 *fill*         0x000014de        0x2 
 .rodata.str1.4
                0x000014e0       0x15 hpl/rtc/hpl_rtc.o
 *fill*         0x000014f5        0x3 
 .rodata        0x000014f8       0x4d hpl/sercom/hpl_sercom.o
 *fill*         0x00001545        0x3 
 .rodata.str1.4
                0x00001548       0x1c hpl/sercom/hpl_sercom.o
                                 0x1b (size before relaxing)
 .rodata._global_impure_ptr
                0x00001564        0x4 c:/program files (x86)/atmel/studio/7.0/toolchain/arm/arm-gnu-toolchain/bin/../lib/gcc/arm-none-eabi/6.3.1/../../../../arm-none-eabi/lib/thumb/v6-m\libc_nano.a(lib_a-impure.o)
                0x00001564                _global_impure_ptr
 .rodata.__sf_fake_stderr
                0x00001568       0x20 c:/program files (x86)/atmel/studio/7.0/toolchain/arm/arm-gnu-toolchain/bin/../lib/gcc/arm-none-eabi/6.3.1/../../../../arm-none-eabi/lib/thumb/v6-m\libc_nano.a(lib_a-findfp.o)
                0x00001568                __sf_fake_stderr
 .rodata.__sf_fake_stdin
                0x00001588       0x20 c:/program files (x86)/atmel/studio/7.0/toolchain/arm/arm-gnu-toolchain/bin/../lib/gcc/arm-none-eabi/6.3.1/../../../../arm-none-eabi/lib/thumb/v6-m\libc_nano.a(lib_a-findfp.o)
                0x00001588                __sf_fake_stdin
 .rodata.__sf_fake_stdout
                0x000015a8       0x20 c:/program files (x86)/atmel/studio/7.0/toolchain/arm/arm-gnu-toolchain/bin/../lib/gcc/arm-none-eabi/6.3.1/../../../../arm-none-eabi/lib/thumb/v6-m\libc_nano.a(lib_a-findfp.o)
                0x000015a8                __sf_fake_stdout
 *(.ARM.extab* .gnu.linkonce.armextab.*)
                0x000015c8                . = ALIGN (0x4)
 *(.init)
 .init          0x000015c8        0x4 c:/program files (x86)/atmel/studio/7.0/toolchain/arm/arm-gnu-toolchain/bin/../lib/gcc/arm-none-eabi/6.3.1/thumb/v6-m/crti.o
                0x000015c8                _init
 .init          0x000015cc        0x8 c:/program files (x86)/atmel/studio/7.0/toolchain/arm/arm-gnu-toolchain/bin/../lib/gcc/arm-none-eabi/6.3.1/thumb/v6-m/crtn.o
                0x000015d4                . = ALIGN (0x4)
                0x000015d4                __preinit_array_start = .
 *(.preinit_array)
                0x000015d4                __preinit_array_end = .
                0x000015d4                . = ALIGN (0x4)
                0x000015d4                __init_array_start = .
 *(SORT(.init_array.*))
 *(.init_array)
 .init_array    0x000015d4        0x4 c:/program files (x86)/atmel/studio/7.0/toolchain/arm/arm-gnu-toolchain/bin/../lib/gcc/arm-none-eabi/6.3.1/thumb/v6-m/crtbegin.o
                0x000015d8                __init_array_end = .
                0x000015d8                . = ALIGN (0x4)
 *crtbegin.o(.ctors)
 *(EXCLUDE_FILE(*crtend.o) .ctors)
 *(SORT(.ctors.*))
 *crtend.o(.ctors)
                0x000015d8                . = ALIGN (0x4)
 *(.fini)
 .fini          0x000015d8        0x4 c:/program files (x86)/atmel/studio/7.0/toolchain/arm/arm-gnu-toolchain/bin/../lib/gcc/arm-none-eabi/6.3.1/thumb/v6-m/crti.o
                0x000015d8                _fini
 .fini          0x000015dc        0x8 c:/program files (x86)/atmel/studio/7.0/toolchain/arm/arm-gnu-toolchain/bin/../lib/gcc/arm-none-eabi/6.3.1/thumb/v6-m/crtn.o
                0x000015e4                . = ALIGN (0x4)
                0x000015e4                __fini_array_start = .
 *(.fini_array)
 .fini_array    0x000015e4        0x4 c:/program files (x86)/atmel/studio/7.0/toolchain/arm/arm-gnu-toolchain/bin/../lib/gcc/arm-none-eabi/6.3.1/thumb/v6-m/crtbegin.o
 *(SORT(.fini_array.*))
                0x000015e8                __fini_array_end = .
 *crtbegin.o(.dtors)
 *(EXCLUDE_FILE(*crtend.o) .dtors)
 *(SORT(.dtors.*))
 *crtend.o(.dtors)
                0x000015e8                . = ALIGN (0x4)
                0x000015e8                _efixed = .
                [!provide]                PROVIDE (__exidx_start, .)

.vfp11_veneer   0x000015e8        0x0
 .vfp11_veneer  0x000015e8        0x0 linker stubs

.v4_bx          0x000015e8        0x0
 .v4_bx         0x000015e8        0x0 linker stubs

.iplt           0x000015e8        0x0
 .iplt          0x000015e8        0x0 c:/program files (x86)/atmel/studio/7.0/toolchain/arm/arm-gnu-toolchain/bin/../lib/gcc/arm-none-eabi/6.3.1/thumb/v6-m/crtbegin.o

.eh_frame       0x000015e8        0x0
 .eh_frame      0x000015e8        0x0 c:/program files (x86)/atmel/studio/7.0/toolchain/arm/arm-gnu-toolchain/bin/../lib/gcc/arm-none-eabi/6.3.1/thumb/v6-m/crtbegin.o

.rel.dyn        0x000015e8        0x0
 .rel.iplt      0x000015e8        0x0 c:/program files (x86)/atmel/studio/7.0/toolchain/arm/arm-gnu-toolchain/bin/../lib/gcc/arm-none-eabi/6.3.1/thumb/v6-m/crtbegin.o

.jcr            0x000015e8        0x0
 .jcr           0x000015e8        0x0 c:/program files (x86)/atmel/studio/7.0/toolchain/arm/arm-gnu-toolchain/bin/../lib/gcc/arm-none-eabi/6.3.1/thumb/v6-m/crtbegin.o

.igot.plt       0x000015e8        0x0
 .igot.plt      0x000015e8        0x0 c:/program files (x86)/atmel/studio/7.0/toolchain/arm/arm-gnu-toolchain/bin/../lib/gcc/arm-none-eabi/6.3.1/thumb/v6-m/crtbegin.o

.ARM.exidx
 *(.ARM.exidx* .gnu.linkonce.armexidx.*)
                [!provide]                PROVIDE (__exidx_end, .)
                0x000015e8                . = ALIGN (0x4)
                0x000015e8                _etext = .

.relocate       0x20000000       0x64 load address 0x000015e8
                0x20000000                . = ALIGN (0x4)
                0x20000000                _srelocate = .
 *(.ramfunc .ramfunc.*)
 *(.data .data.*)
 .data._impure_ptr
                0x20000000        0x4 c:/program files (x86)/atmel/studio/7.0/toolchain/arm/arm-gnu-toolchain/bin/../lib/gcc/arm-none-eabi/6.3.1/../../../../arm-none-eabi/lib/thumb/v6-m\libc_nano.a(lib_a-impure.o)
                0x20000000                _impure_ptr
 .data.impure_data
                0x20000004       0x60 c:/program files (x86)/atmel/studio/7.0/toolchain/arm/arm-gnu-toolchain/bin/../lib/gcc/arm-none-eabi/6.3.1/../../../../arm-none-eabi/lib/thumb/v6-m\libc_nano.a(lib_a-impure.o)
                0x20000064                . = ALIGN (0x4)
                0x20000064                _erelocate = .

.bss            0x20000064       0x98 load address 0x0000164c
                0x20000064                . = ALIGN (0x4)
                0x20000064                _sbss = .
                0x20000064                _szero = .
 *(.bss .bss.*)
 .bss           0x20000064       0x1c c:/program files (x86)/atmel/studio/7.0/toolchain/arm/arm-gnu-toolchain/bin/../lib/gcc/arm-none-eabi/6.3.1/thumb/v6-m/crtbegin.o
 .bss           0x20000080        0x4 hal/utils/src/utils_syscalls.o
 .bss           0x20000084        0x4 hpl/rtc/hpl_rtc.o
 .bss           0x20000088       0x3c main.o
 .bss           0x200000c4        0x4 stdio_redirect/stdio_io.o
 .bss.__malloc_free_list
                0x200000c8        0x4 c:/program files (x86)/atmel/studio/7.0/toolchain/arm/arm-gnu-toolchain/bin/../lib/gcc/arm-none-eabi/6.3.1/../../../../arm-none-eabi/lib/thumb/v6-m\libc_nano.a(lib_a-nano-mallocr.o)
                0x200000c8                __malloc_free_list
 .bss.__malloc_sbrk_start
                0x200000cc        0x4 c:/program files (x86)/atmel/studio/7.0/toolchain/arm/arm-gnu-toolchain/bin/../lib/gcc/arm-none-eabi/6.3.1/../../../../arm-none-eabi/lib/thumb/v6-m\libc_nano.a(lib_a-nano-mallocr.o)
                0x200000cc                __malloc_sbrk_start
 *(COMMON)
 COMMON         0x200000d0       0x28 driver_init.o
                0x200000d0                TARGET_IO
                0x200000dc                TIMER_0
 COMMON         0x200000f8        0x4 c:/program files (x86)/atmel/studio/7.0/toolchain/arm/arm-gnu-toolchain/bin/../lib/gcc/arm-none-eabi/6.3.1/../../../../arm-none-eabi/lib/thumb/v6-m\libc_nano.a(lib_a-reent.o)
                0x200000f8                errno
                0x200000fc                . = ALIGN (0x4)
                0x200000fc                _ebss = .
                0x200000fc                _ezero = .

.stack          0x200000fc     0x2004 load address 0x000016e4
                0x20000100                . = ALIGN (0x8)
 *fill*         0x200000fc        0x4 
                0x20000100                _sstack = .
                0x20002100                . = (. + STACK_SIZE)
 *fill*         0x20000100     0x2000 
                0x20002100                . = ALIGN (0x8)
                0x20002100                _estack = .
                0x20002100                . = ALIGN (0x4)
                0x20002100                _end = .
OUTPUT(TIMERMULTITASK.elf elf32-littlearm)

.ARM.attributes
                0x00000000       0x28
 .ARM.attributes
                0x00000000       0x1e c:/program files (x86)/atmel/studio/7.0/toolchain/arm/arm-gnu-toolchain/bin/../lib/gcc/arm-none-eabi/6.3.1/thumb/v6-m/crti.o
 .ARM.attributes
                0x0000001e       0x2c c:/program files (x86)/atmel/studio/7.0/toolchain/arm/arm-gnu-toolchain/bin/../lib/gcc/arm-none-eabi/6.3.1/thumb/v6-m/crtbegin.o
 .ARM.attributes
                0x0000004a       0x32 atmel_start.o
 .ARM.attributes
                0x0000007c       0x32 Device_Startup/startup_samc21.o
 .ARM.attributes
                0x000000ae       0x32 driver_init.o
 .ARM.attributes
                0x000000e0       0x32 hal/src/hal_atomic.o
 .ARM.attributes
                0x00000112       0x32 hal/src/hal_io.o
 .ARM.attributes
                0x00000144       0x32 hal/src/hal_timer.o
 .ARM.attributes
                0x00000176       0x32 hal/src/hal_usart_sync.o
 .ARM.attributes
                0x000001a8       0x32 hal/utils/src/utils_assert.o
 .ARM.attributes
                0x000001da       0x32 hal/utils/src/utils_list.o
 .ARM.attributes
                0x0000020c       0x32 hal/utils/src/utils_syscalls.o
 .ARM.attributes
                0x0000023e       0x32 hpl/core/hpl_init.o
 .ARM.attributes
                0x00000270       0x32 hpl/divas/hpl_divas.o
 .ARM.attributes
                0x000002a2       0x32 hpl/gclk/hpl_gclk.o
 .ARM.attributes
                0x000002d4       0x32 hpl/mclk/hpl_mclk.o
 .ARM.attributes
                0x00000306       0x32 hpl/osc32kctrl/hpl_osc32kctrl.o
 .ARM.attributes
                0x00000338       0x32 hpl/oscctrl/hpl_oscctrl.o
 .ARM.attributes
                0x0000036a       0x32 hpl/rtc/hpl_rtc.o
 .ARM.attributes
                0x0000039c       0x32 hpl/sercom/hpl_sercom.o
 .ARM.attributes
                0x000003ce       0x32 main.o
 .ARM.attributes
                0x00000400       0x32 stdio_redirect/gcc/read.o
 .ARM.attributes
                0x00000432       0x32 stdio_redirect/gcc/write.o
 .ARM.attributes
                0x00000464       0x32 stdio_redirect/stdio_io.o
 .ARM.attributes
                0x00000496       0x32 stdio_start.o
 .ARM.attributes
                0x000004c8       0x2c c:/program files (x86)/atmel/studio/7.0/toolchain/arm/arm-gnu-toolchain/bin/../lib/gcc/arm-none-eabi/6.3.1/../../../../arm-none-eabi/lib/thumb/v6-m\libc_nano.a(lib_a-impure.o)
 .ARM.attributes
                0x000004f4       0x2c c:/program files (x86)/atmel/studio/7.0/toolchain/arm/arm-gnu-toolchain/bin/../lib/gcc/arm-none-eabi/6.3.1/../../../../arm-none-eabi/lib/thumb/v6-m\libc_nano.a(lib_a-init.o)
 .ARM.attributes
                0x00000520       0x2c c:/program files (x86)/atmel/studio/7.0/toolchain/arm/arm-gnu-toolchain/bin/../lib/gcc/arm-none-eabi/6.3.1/../../../../arm-none-eabi/lib/thumb/v6-m\libc_nano.a(lib_a-memset.o)
 .ARM.attributes
                0x0000054c       0x2c c:/program files (x86)/atmel/studio/7.0/toolchain/arm/arm-gnu-toolchain/bin/../lib/gcc/arm-none-eabi/6.3.1/../../../../arm-none-eabi/lib/thumb/v6-m\libc_nano.a(lib_a-setbuf.o)
 .ARM.attributes
                0x00000578       0x2c c:/program files (x86)/atmel/studio/7.0/toolchain/arm/arm-gnu-toolchain/bin/../lib/gcc/arm-none-eabi/6.3.1/../../../../arm-none-eabi/lib/thumb/v6-m\libc_nano.a(lib_a-setvbuf.o)
 .ARM.attributes
                0x000005a4       0x2c c:/program files (x86)/atmel/studio/7.0/toolchain/arm/arm-gnu-toolchain/bin/../lib/gcc/arm-none-eabi/6.3.1/../../../../arm-none-eabi/lib/thumb/v6-m\libc_nano.a(lib_a-fflush.o)
 .ARM.attributes
                0x000005d0       0x2c c:/program files (x86)/atmel/studio/7.0/toolchain/arm/arm-gnu-toolchain/bin/../lib/gcc/arm-none-eabi/6.3.1/../../../../arm-none-eabi/lib/thumb/v6-m\libc_nano.a(lib_a-findfp.o)
 .ARM.attributes
                0x000005fc       0x2c c:/program files (x86)/atmel/studio/7.0/toolchain/arm/arm-gnu-toolchain/bin/../lib/gcc/arm-none-eabi/6.3.1/../../../../arm-none-eabi/lib/thumb/v6-m\libc_nano.a(lib_a-fwalk.o)
 .ARM.attributes
                0x00000628       0x2c c:/program files (x86)/atmel/studio/7.0/toolchain/arm/arm-gnu-toolchain/bin/../lib/gcc/arm-none-eabi/6.3.1/../../../../arm-none-eabi/lib/thumb/v6-m\libc_nano.a(lib_a-makebuf.o)
 .ARM.attributes
                0x00000654       0x2c c:/program files (x86)/atmel/studio/7.0/toolchain/arm/arm-gnu-toolchain/bin/../lib/gcc/arm-none-eabi/6.3.1/../../../../arm-none-eabi/lib/thumb/v6-m\libc_nano.a(lib_a-malloc.o)
 .ARM.attributes
                0x00000680       0x2c c:/program files (x86)/atmel/studio/7.0/toolchain/arm/arm-gnu-toolchain/bin/../lib/gcc/arm-none-eabi/6.3.1/../../../../arm-none-eabi/lib/thumb/v6-m\libc_nano.a(lib_a-nano-freer.o)
 .ARM.attributes
                0x000006ac       0x2c c:/program files (x86)/atmel/studio/7.0/toolchain/arm/arm-gnu-toolchain/bin/../lib/gcc/arm-none-eabi/6.3.1/../../../../arm-none-eabi/lib/thumb/v6-m\libc_nano.a(lib_a-nano-mallocr.o)
 .ARM.attributes
                0x000006d8       0x2c c:/program files (x86)/atmel/studio/7.0/toolchain/arm/arm-gnu-toolchain/bin/../lib/gcc/arm-none-eabi/6.3.1/../../../../arm-none-eabi/lib/thumb/v6-m\libc_nano.a(lib_a-sbrkr.o)
 .ARM.attributes
                0x00000704       0x2c c:/program files (x86)/atmel/studio/7.0/toolchain/arm/arm-gnu-toolchain/bin/../lib/gcc/arm-none-eabi/6.3.1/../../../../arm-none-eabi/lib/thumb/v6-m\libc_nano.a(lib_a-stdio.o)
 .ARM.attributes
                0x00000730       0x2c c:/program files (x86)/atmel/studio/7.0/toolchain/arm/arm-gnu-toolchain/bin/../lib/gcc/arm-none-eabi/6.3.1/../../../../arm-none-eabi/lib/thumb/v6-m\libc_nano.a(lib_a-writer.o)
 .ARM.attributes
                0x0000075c       0x2c c:/program files (x86)/atmel/studio/7.0/toolchain/arm/arm-gnu-toolchain/bin/../lib/gcc/arm-none-eabi/6.3.1/../../../../arm-none-eabi/lib/thumb/v6-m\libc_nano.a(lib_a-closer.o)
 .ARM.attributes
                0x00000788       0x2c c:/program files (x86)/atmel/studio/7.0/toolchain/arm/arm-gnu-toolchain/bin/../lib/gcc/arm-none-eabi/6.3.1/../../../../arm-none-eabi/lib/thumb/v6-m\libc_nano.a(lib_a-fstatr.o)
 .ARM.attributes
                0x000007b4       0x2c c:/program files (x86)/atmel/studio/7.0/toolchain/arm/arm-gnu-toolchain/bin/../lib/gcc/arm-none-eabi/6.3.1/../../../../arm-none-eabi/lib/thumb/v6-m\libc_nano.a(lib_a-lseekr.o)
 .ARM.attributes
                0x000007e0       0x2c c:/program files (x86)/atmel/studio/7.0/toolchain/arm/arm-gnu-toolchain/bin/../lib/gcc/arm-none-eabi/6.3.1/../../../../arm-none-eabi/lib/thumb/v6-m\libc_nano.a(lib_a-mlock.o)
 .ARM.attributes
                0x0000080c       0x2c c:/program files (x86)/atmel/studio/7.0/toolchain/arm/arm-gnu-toolchain/bin/../lib/gcc/arm-none-eabi/6.3.1/../../../../arm-none-eabi/lib/thumb/v6-m\libc_nano.a(lib_a-readr.o)
 .ARM.attributes
                0x00000838       0x2c c:/program files (x86)/atmel/studio/7.0/toolchain/arm/arm-gnu-toolchain/bin/../lib/gcc/arm-none-eabi/6.3.1/../../../../arm-none-eabi/lib/thumb/v6-m\libc_nano.a(lib_a-reent.o)
 .ARM.attributes
                0x00000864       0x1e c:/program files (x86)/atmel/studio/7.0/toolchain/arm/arm-gnu-toolchain/bin/../lib/gcc/arm-none-eabi/6.3.1/thumb/v6-m/crtn.o

.comment        0x00000000       0x59
 .comment       0x00000000       0x59 atmel_start.o
                                 0x5a (size before relaxing)
 .comment       0x00000059       0x5a Device_Startup/startup_samc21.o
 .comment       0x00000059       0x5a driver_init.o
 .comment       0x00000059       0x5a hal/src/hal_atomic.o
 .comment       0x00000059       0x5a hal/src/hal_io.o
 .comment       0x00000059       0x5a hal/src/hal_timer.o
 .comment       0x00000059       0x5a hal/src/hal_usart_sync.o
 .comment       0x00000059       0x5a hal/utils/src/utils_assert.o
 .comment       0x00000059       0x5a hal/utils/src/utils_list.o
 .comment       0x00000059       0x5a hal/utils/src/utils_syscalls.o
 .comment       0x00000059       0x5a hpl/core/hpl_init.o
 .comment       0x00000059       0x5a hpl/divas/hpl_divas.o
 .comment       0x00000059       0x5a hpl/gclk/hpl_gclk.o
 .comment       0x00000059       0x5a hpl/mclk/hpl_mclk.o
 .comment       0x00000059       0x5a hpl/osc32kctrl/hpl_osc32kctrl.o
 .comment       0x00000059       0x5a hpl/oscctrl/hpl_oscctrl.o
 .comment       0x00000059       0x5a hpl/rtc/hpl_rtc.o
 .comment       0x00000059       0x5a hpl/sercom/hpl_sercom.o
 .comment       0x00000059       0x5a main.o
 .comment       0x00000059       0x5a stdio_redirect/gcc/read.o
 .comment       0x00000059       0x5a stdio_redirect/gcc/write.o
 .comment       0x00000059       0x5a stdio_redirect/stdio_io.o
 .comment       0x00000059       0x5a stdio_start.o

.debug_info     0x00000000    0x1e798
 .debug_info    0x00000000      0xc60 atmel_start.o
 .debug_info    0x00000c60      0x527 Device_Startup/startup_samc21.o
 .debug_info    0x00001187     0x56d8 driver_init.o
 .debug_info    0x0000685f      0x1d1 hal/src/hal_atomic.o
 .debug_info    0x00006a30      0x2b2 hal/src/hal_io.o
 .debug_info    0x00006ce2      0xb91 hal/src/hal_timer.o
 .debug_info    0x00007873      0xc56 hal/src/hal_usart_sync.o
 .debug_info    0x000084c9      0x107 hal/utils/src/utils_assert.o
 .debug_info    0x000085d0      0x314 hal/utils/src/utils_list.o
 .debug_info    0x000088e4      0xdca hal/utils/src/utils_syscalls.o
 .debug_info    0x000096ae      0x75c hpl/core/hpl_init.o
 .debug_info    0x00009e0a      0x854 hpl/divas/hpl_divas.o
 .debug_info    0x0000a65e      0x582 hpl/gclk/hpl_gclk.o
 .debug_info    0x0000abe0      0x7c2 hpl/mclk/hpl_mclk.o
 .debug_info    0x0000b3a2      0x772 hpl/osc32kctrl/hpl_osc32kctrl.o
 .debug_info    0x0000bb14      0xdd6 hpl/oscctrl/hpl_oscctrl.o
 .debug_info    0x0000c8ea     0x27e9 hpl/rtc/hpl_rtc.o
 .debug_info    0x0000f0d3     0xb316 hpl/sercom/hpl_sercom.o
 .debug_info    0x0001a3e9     0x16b4 main.o
 .debug_info    0x0001ba9d      0xa34 stdio_redirect/gcc/read.o
 .debug_info    0x0001c4d1      0xa34 stdio_redirect/gcc/write.o
 .debug_info    0x0001cf05      0xbe2 stdio_redirect/stdio_io.o
 .debug_info    0x0001dae7      0xcb1 stdio_start.o

.debug_abbrev   0x00000000     0x30b4
 .debug_abbrev  0x00000000      0x1b4 atmel_start.o
 .debug_abbrev  0x000001b4      0x142 Device_Startup/startup_samc21.o
 .debug_abbrev  0x000002f6      0x373 driver_init.o
 .debug_abbrev  0x00000669      0x144 hal/src/hal_atomic.o
 .debug_abbrev  0x000007ad      0x115 hal/src/hal_io.o
 .debug_abbrev  0x000008c2      0x221 hal/src/hal_timer.o
 .debug_abbrev  0x00000ae3      0x217 hal/src/hal_usart_sync.o
 .debug_abbrev  0x00000cfa       0x86 hal/utils/src/utils_assert.o
 .debug_abbrev  0x00000d80      0x152 hal/utils/src/utils_list.o
 .debug_abbrev  0x00000ed2      0x269 hal/utils/src/utils_syscalls.o
 .debug_abbrev  0x0000113b      0x1ce hpl/core/hpl_init.o
 .debug_abbrev  0x00001309      0x232 hpl/divas/hpl_divas.o
 .debug_abbrev  0x0000153b      0x19a hpl/gclk/hpl_gclk.o
 .debug_abbrev  0x000016d5      0x1ac hpl/mclk/hpl_mclk.o
 .debug_abbrev  0x00001881      0x1d1 hpl/osc32kctrl/hpl_osc32kctrl.o
 .debug_abbrev  0x00001a52      0x1f8 hpl/oscctrl/hpl_oscctrl.o
 .debug_abbrev  0x00001c4a      0x3d3 hpl/rtc/hpl_rtc.o
 .debug_abbrev  0x0000201d      0x593 hpl/sercom/hpl_sercom.o
 .debug_abbrev  0x000025b0      0x329 main.o
 .debug_abbrev  0x000028d9      0x1e8 stdio_redirect/gcc/read.o
 .debug_abbrev  0x00002ac1      0x1e8 stdio_redirect/gcc/write.o
 .debug_abbrev  0x00002ca9      0x229 stdio_redirect/stdio_io.o
 .debug_abbrev  0x00002ed2      0x1e2 stdio_start.o

.debug_loc      0x00000000     0xa9d8
 .debug_loc     0x00000000       0x20 atmel_start.o
 .debug_loc     0x00000020       0x78 Device_Startup/startup_samc21.o
 .debug_loc     0x00000098      0x591 driver_init.o
 .debug_loc     0x00000629       0x13 hal/src/hal_atomic.o
 .debug_loc     0x0000063c      0x1b6 hal/src/hal_io.o
 .debug_loc     0x000007f2      0x767 hal/src/hal_timer.o
 .debug_loc     0x00000f59      0xa26 hal/src/hal_usart_sync.o
 .debug_loc     0x0000197f      0x213 hal/utils/src/utils_list.o
 .debug_loc     0x00001b92      0x13b hal/utils/src/utils_syscalls.o
 .debug_loc     0x00001ccd       0x4c hpl/core/hpl_init.o
 .debug_loc     0x00001d19      0x2a5 hpl/divas/hpl_divas.o
 .debug_loc     0x00001fbe       0x72 hpl/gclk/hpl_gclk.o
 .debug_loc     0x00002030       0x2c hpl/mclk/hpl_mclk.o
 .debug_loc     0x0000205c       0xa5 hpl/osc32kctrl/hpl_osc32kctrl.o
 .debug_loc     0x00002101       0x74 hpl/oscctrl/hpl_oscctrl.o
 .debug_loc     0x00002175      0x609 hpl/rtc/hpl_rtc.o
 .debug_loc     0x0000277e     0x7d95 hpl/sercom/hpl_sercom.o
 .debug_loc     0x0000a513      0x142 main.o
 .debug_loc     0x0000a655       0xfe stdio_redirect/gcc/read.o
 .debug_loc     0x0000a753       0xf2 stdio_redirect/gcc/write.o
 .debug_loc     0x0000a845      0x153 stdio_redirect/stdio_io.o
 .debug_loc     0x0000a998       0x40 stdio_start.o

.debug_aranges  0x00000000      0xa08
 .debug_aranges
                0x00000000       0x20 atmel_start.o
 .debug_aranges
                0x00000020       0x28 Device_Startup/startup_samc21.o
 .debug_aranges
                0x00000048       0x40 driver_init.o
 .debug_aranges
                0x00000088       0x30 hal/src/hal_atomic.o
 .debug_aranges
                0x000000b8       0x30 hal/src/hal_io.o
 .debug_aranges
                0x000000e8       0x70 hal/src/hal_timer.o
 .debug_aranges
                0x00000158       0xa8 hal/src/hal_usart_sync.o
 .debug_aranges
                0x00000200       0x20 hal/utils/src/utils_assert.o
 .debug_aranges
                0x00000220       0x48 hal/utils/src/utils_list.o
 .debug_aranges
                0x00000268       0x60 hal/utils/src/utils_syscalls.o
 .debug_aranges
                0x000002c8       0x20 hpl/core/hpl_init.o
 .debug_aranges
                0x000002e8       0x40 hpl/divas/hpl_divas.o
 .debug_aranges
                0x00000328       0x28 hpl/gclk/hpl_gclk.o
 .debug_aranges
                0x00000350       0x20 hpl/mclk/hpl_mclk.o
 .debug_aranges
                0x00000370       0x20 hpl/osc32kctrl/hpl_osc32kctrl.o
 .debug_aranges
                0x00000390       0x28 hpl/oscctrl/hpl_oscctrl.o
 .debug_aranges
                0x000003b8       0x70 hpl/rtc/hpl_rtc.o
 .debug_aranges
                0x00000428      0x508 hpl/sercom/hpl_sercom.o
 .debug_aranges
                0x00000930       0x38 main.o
 .debug_aranges
                0x00000968       0x20 stdio_redirect/gcc/read.o
 .debug_aranges
                0x00000988       0x20 stdio_redirect/gcc/write.o
 .debug_aranges
                0x000009a8       0x38 stdio_redirect/stdio_io.o
 .debug_aranges
                0x000009e0       0x28 stdio_start.o

.debug_ranges   0x00000000      0xa98
 .debug_ranges  0x00000000       0x10 atmel_start.o
 .debug_ranges  0x00000010       0x18 Device_Startup/startup_samc21.o
 .debug_ranges  0x00000028       0x30 driver_init.o
 .debug_ranges  0x00000058       0x20 hal/src/hal_atomic.o
 .debug_ranges  0x00000078       0x20 hal/src/hal_io.o
 .debug_ranges  0x00000098       0x90 hal/src/hal_timer.o
 .debug_ranges  0x00000128       0x98 hal/src/hal_usart_sync.o
 .debug_ranges  0x000001c0       0x10 hal/utils/src/utils_assert.o
 .debug_ranges  0x000001d0       0x38 hal/utils/src/utils_list.o
 .debug_ranges  0x00000208       0x50 hal/utils/src/utils_syscalls.o
 .debug_ranges  0x00000258       0x10 hpl/core/hpl_init.o
 .debug_ranges  0x00000268       0x30 hpl/divas/hpl_divas.o
 .debug_ranges  0x00000298       0x18 hpl/gclk/hpl_gclk.o
 .debug_ranges  0x000002b0       0x10 hpl/mclk/hpl_mclk.o
 .debug_ranges  0x000002c0       0x10 hpl/osc32kctrl/hpl_osc32kctrl.o
 .debug_ranges  0x000002d0       0x18 hpl/oscctrl/hpl_oscctrl.o
 .debug_ranges  0x000002e8       0x60 hpl/rtc/hpl_rtc.o
 .debug_ranges  0x00000348      0x6c8 hpl/sercom/hpl_sercom.o
 .debug_ranges  0x00000a10       0x28 main.o
 .debug_ranges  0x00000a38       0x10 stdio_redirect/gcc/read.o
 .debug_ranges  0x00000a48       0x10 stdio_redirect/gcc/write.o
 .debug_ranges  0x00000a58       0x28 stdio_redirect/stdio_io.o
 .debug_ranges  0x00000a80       0x18 stdio_start.o

.debug_macro    0x00000000    0x20079
 .debug_macro   0x00000000      0x7a7 atmel_start.o
 .debug_macro   0x000007a7      0x89e atmel_start.o
 .debug_macro   0x00001045      0x16d atmel_start.o
 .debug_macro   0x000011b2       0x22 atmel_start.o
 .debug_macro   0x000011d4       0x87 atmel_start.o
 .debug_macro   0x0000125b       0x51 atmel_start.o
 .debug_macro   0x000012ac       0xef atmel_start.o
 .debug_macro   0x0000139b       0x6a atmel_start.o
 .debug_macro   0x00001405      0x1df atmel_start.o
 .debug_macro   0x000015e4       0x22 atmel_start.o
 .debug_macro   0x00001606       0x3f atmel_start.o
 .debug_macro   0x00001645       0x1c atmel_start.o
 .debug_macro   0x00001661       0x22 atmel_start.o
 .debug_macro   0x00001683       0xb5 atmel_start.o
 .debug_macro   0x00001738      0x4da atmel_start.o
 .debug_macro   0x00001c12      0x11f atmel_start.o
 .debug_macro   0x00001d31      0x897 atmel_start.o
 .debug_macro   0x000025c8      0x8c0 atmel_start.o
 .debug_macro   0x00002e88     0x2d61 atmel_start.o
 .debug_macro   0x00005be9      0x21e atmel_start.o
 .debug_macro   0x00005e07      0x282 atmel_start.o
 .debug_macro   0x00006089      0x130 atmel_start.o
 .debug_macro   0x000061b9      0xd32 atmel_start.o
 .debug_macro   0x00006eeb      0x61f atmel_start.o
 .debug_macro   0x0000750a      0x5be atmel_start.o
 .debug_macro   0x00007ac8      0x824 atmel_start.o
 .debug_macro   0x000082ec      0x172 atmel_start.o
 .debug_macro   0x0000845e      0x306 atmel_start.o
 .debug_macro   0x00008764      0x55f atmel_start.o
 .debug_macro   0x00008cc3      0x421 atmel_start.o
 .debug_macro   0x000090e4      0x21c atmel_start.o
 .debug_macro   0x00009300      0x719 atmel_start.o
 .debug_macro   0x00009a19      0x5ab atmel_start.o
 .debug_macro   0x00009fc4      0x335 atmel_start.o
 .debug_macro   0x0000a2f9      0x68d atmel_start.o
 .debug_macro   0x0000a986       0xc4 atmel_start.o
 .debug_macro   0x0000aa4a      0x340 atmel_start.o
 .debug_macro   0x0000ad8a       0x6a atmel_start.o
 .debug_macro   0x0000adf4     0x124b atmel_start.o
 .debug_macro   0x0000c03f      0x5a5 atmel_start.o
 .debug_macro   0x0000c5e4      0xfc4 atmel_start.o
 .debug_macro   0x0000d5a8      0x59e atmel_start.o
 .debug_macro   0x0000db46      0x8ae atmel_start.o
 .debug_macro   0x0000e3f4     0x19be atmel_start.o
 .debug_macro   0x0000fdb2      0x39c atmel_start.o
 .debug_macro   0x0001014e      0x36a atmel_start.o
 .debug_macro   0x000104b8       0x94 atmel_start.o
 .debug_macro   0x0001054c       0xac atmel_start.o
 .debug_macro   0x000105f8       0xac atmel_start.o
 .debug_macro   0x000106a4      0x149 atmel_start.o
 .debug_macro   0x000107ed      0x149 atmel_start.o
 .debug_macro   0x00010936       0x4c atmel_start.o
 .debug_macro   0x00010982       0x58 atmel_start.o
 .debug_macro   0x000109da       0x3a atmel_start.o
 .debug_macro   0x00010a14       0xd6 atmel_start.o
 .debug_macro   0x00010aea       0xb8 atmel_start.o
 .debug_macro   0x00010ba2       0x64 atmel_start.o
 .debug_macro   0x00010c06      0x5d7 atmel_start.o
 .debug_macro   0x000111dd       0x4c atmel_start.o
 .debug_macro   0x00011229      0x1be atmel_start.o
 .debug_macro   0x000113e7      0x184 atmel_start.o
 .debug_macro   0x0001156b       0x52 atmel_start.o
 .debug_macro   0x000115bd       0xa0 atmel_start.o
 .debug_macro   0x0001165d       0xd6 atmel_start.o
 .debug_macro   0x00011733       0x94 atmel_start.o
 .debug_macro   0x000117c7       0x4c atmel_start.o
 .debug_macro   0x00011813       0x64 atmel_start.o
 .debug_macro   0x00011877       0x22 atmel_start.o
 .debug_macro   0x00011899      0x16c atmel_start.o
 .debug_macro   0x00011a05       0x2e atmel_start.o
 .debug_macro   0x00011a33       0x16 atmel_start.o
 .debug_macro   0x00011a49       0xd6 atmel_start.o
 .debug_macro   0x00011b1f       0xa0 atmel_start.o
 .debug_macro   0x00011bbf      0x133 atmel_start.o
 .debug_macro   0x00011cf2      0x133 atmel_start.o
 .debug_macro   0x00011e25      0x133 atmel_start.o
 .debug_macro   0x00011f58      0x133 atmel_start.o
 .debug_macro   0x0001208b      0x133 atmel_start.o
 .debug_macro   0x000121be      0x133 atmel_start.o
 .debug_macro   0x000122f1       0x4c atmel_start.o
 .debug_macro   0x0001233d       0xfa atmel_start.o
 .debug_macro   0x00012437       0xfa atmel_start.o
 .debug_macro   0x00012531       0xfa atmel_start.o
 .debug_macro   0x0001262b       0xfa atmel_start.o
 .debug_macro   0x00012725       0xfa atmel_start.o
 .debug_macro   0x0001281f      0x124 atmel_start.o
 .debug_macro   0x00012943       0xfa atmel_start.o
 .debug_macro   0x00012a3d       0xee atmel_start.o
 .debug_macro   0x00012b2b       0x76 atmel_start.o
 .debug_macro   0x00012ba1       0x3a atmel_start.o
 .debug_macro   0x00012bdb      0x46b atmel_start.o
 .debug_macro   0x00013046     0x2678 atmel_start.o
 .debug_macro   0x000156be       0x82 atmel_start.o
 .debug_macro   0x00015740       0x10 atmel_start.o
 .debug_macro   0x00015750       0x10 atmel_start.o
 .debug_macro   0x00015760       0x16 atmel_start.o
 .debug_macro   0x00015776       0x16 atmel_start.o
 .debug_macro   0x0001578c       0x16 atmel_start.o
 .debug_macro   0x000157a2       0x16 atmel_start.o
 .debug_macro   0x000157b8       0x16 atmel_start.o
 .debug_macro   0x000157ce       0x16 atmel_start.o
 .debug_macro   0x000157e4       0x16 atmel_start.o
 .debug_macro   0x000157fa       0x16 atmel_start.o
 .debug_macro   0x00015810       0x16 atmel_start.o
 .debug_macro   0x00015826       0x16 atmel_start.o
 .debug_macro   0x0001583c       0x16 atmel_start.o
 .debug_macro   0x00015852       0x16 atmel_start.o
 .debug_macro   0x00015868       0x16 atmel_start.o
 .debug_macro   0x0001587e       0x16 atmel_start.o
 .debug_macro   0x00015894       0x16 atmel_start.o
 .debug_macro   0x000158aa       0x16 atmel_start.o
 .debug_macro   0x000158c0       0x16 atmel_start.o
 .debug_macro   0x000158d6       0x16 atmel_start.o
 .debug_macro   0x000158ec       0x16 atmel_start.o
 .debug_macro   0x00015902       0x16 atmel_start.o
 .debug_macro   0x00015918       0x16 atmel_start.o
 .debug_macro   0x0001592e      0x262 atmel_start.o
 .debug_macro   0x00015b90       0x16 atmel_start.o
 .debug_macro   0x00015ba6       0x94 atmel_start.o
 .debug_macro   0x00015c3a       0x16 atmel_start.o
 .debug_macro   0x00015c50       0xbe atmel_start.o
 .debug_macro   0x00015d0e      0x28c atmel_start.o
 .debug_macro   0x00015f9a       0x16 atmel_start.o
 .debug_macro   0x00015fb0       0x16 atmel_start.o
 .debug_macro   0x00015fc6       0xca atmel_start.o
 .debug_macro   0x00016090       0x1c atmel_start.o
 .debug_macro   0x000160ac       0x16 atmel_start.o
 .debug_macro   0x000160c2       0xcf atmel_start.o
 .debug_macro   0x00016191       0x52 atmel_start.o
 .debug_macro   0x000161e3       0x58 atmel_start.o
 .debug_macro   0x0001623b       0x35 atmel_start.o
 .debug_macro   0x00016270       0x9c atmel_start.o
 .debug_macro   0x0001630c       0x16 atmel_start.o
 .debug_macro   0x00016322       0x35 atmel_start.o
 .debug_macro   0x00016357      0x34d atmel_start.o
 .debug_macro   0x000166a4       0x10 atmel_start.o
 .debug_macro   0x000166b4       0x58 atmel_start.o
 .debug_macro   0x0001670c       0x1f atmel_start.o
 .debug_macro   0x0001672b       0x43 atmel_start.o
 .debug_macro   0x0001676e       0x20 atmel_start.o
 .debug_macro   0x0001678e      0x187 atmel_start.o
 .debug_macro   0x00016915       0x10 atmel_start.o
 .debug_macro   0x00016925       0x1c atmel_start.o
 .debug_macro   0x00016941       0x52 atmel_start.o
 .debug_macro   0x00016993       0x40 atmel_start.o
 .debug_macro   0x000169d3       0x10 atmel_start.o
 .debug_macro   0x000169e3       0x40 atmel_start.o
 .debug_macro   0x00016a23       0xd7 atmel_start.o
 .debug_macro   0x00016afa       0x16 atmel_start.o
 .debug_macro   0x00016b10      0x18b atmel_start.o
 .debug_macro   0x00016c9b      0x3ba Device_Startup/startup_samc21.o
 .debug_macro   0x00017055       0x39 Device_Startup/startup_samc21.o
 .debug_macro   0x0001708e      0x645 driver_init.o
 .debug_macro   0x000176d3       0x34 driver_init.o
 .debug_macro   0x00017707       0xc9 driver_init.o
 .debug_macro   0x000177d0      0x53a hal/src/hal_atomic.o
 .debug_macro   0x00017d0a      0x54f hal/src/hal_io.o
 .debug_macro   0x00018259      0x586 hal/src/hal_timer.o
 .debug_macro   0x000187df      0x57a hal/src/hal_usart_sync.o
 .debug_macro   0x00018d59      0x544 hal/utils/src/utils_assert.o
 .debug_macro   0x0001929d       0x10 hal/utils/src/utils_assert.o
 .debug_macro   0x000192ad      0x549 hal/utils/src/utils_list.o
 .debug_macro   0x000197f6      0x1d6 hal/utils/src/utils_syscalls.o
 .debug_macro   0x000199cc       0x52 hal/utils/src/utils_syscalls.o
 .debug_macro   0x00019a1e       0x8d hal/utils/src/utils_syscalls.o
 .debug_macro   0x00019aab       0x57 hal/utils/src/utils_syscalls.o
 .debug_macro   0x00019b02       0x97 hal/utils/src/utils_syscalls.o
 .debug_macro   0x00019b99      0x353 hal/utils/src/utils_syscalls.o
 .debug_macro   0x00019eec       0xf6 hal/utils/src/utils_syscalls.o
 .debug_macro   0x00019fe2       0x4c hal/utils/src/utils_syscalls.o
 .debug_macro   0x0001a02e       0x16 hal/utils/src/utils_syscalls.o
 .debug_macro   0x0001a044       0x10 hal/utils/src/utils_syscalls.o
 .debug_macro   0x0001a054       0x10 hal/utils/src/utils_syscalls.o
 .debug_macro   0x0001a064       0x35 hal/utils/src/utils_syscalls.o
 .debug_macro   0x0001a099      0x122 hal/utils/src/utils_syscalls.o
 .debug_macro   0x0001a1bb      0x5c9 hpl/core/hpl_init.o
 .debug_macro   0x0001a784       0x1c hpl/core/hpl_init.o
 .debug_macro   0x0001a7a0      0x772 hpl/core/hpl_init.o
 .debug_macro   0x0001af12      0x562 hpl/divas/hpl_divas.o
 .debug_macro   0x0001b474      0x553 hpl/gclk/hpl_gclk.o
 .debug_macro   0x0001b9c7      0x1f4 hpl/gclk/hpl_gclk.o
 .debug_macro   0x0001bbbb      0x54e hpl/mclk/hpl_mclk.o
 .debug_macro   0x0001c109      0x549 hpl/osc32kctrl/hpl_osc32kctrl.o
 .debug_macro   0x0001c652       0xb8 hpl/osc32kctrl/hpl_osc32kctrl.o
 .debug_macro   0x0001c70a      0x549 hpl/oscctrl/hpl_oscctrl.o
 .debug_macro   0x0001cc53      0x130 hpl/oscctrl/hpl_oscctrl.o
 .debug_macro   0x0001cd83      0x578 hpl/rtc/hpl_rtc.o
 .debug_macro   0x0001d2fb       0x64 hpl/rtc/hpl_rtc.o
 .debug_macro   0x0001d35f      0x79d hpl/sercom/hpl_sercom.o
 .debug_macro   0x0001dafc       0x70 hpl/sercom/hpl_sercom.o
 .debug_macro   0x0001db6c       0xba hpl/sercom/hpl_sercom.o
 .debug_macro   0x0001dc26       0x10 hpl/sercom/hpl_sercom.o
 .debug_macro   0x0001dc36       0x1c hpl/sercom/hpl_sercom.o
 .debug_macro   0x0001dc52       0x22 hpl/sercom/hpl_sercom.o
 .debug_macro   0x0001dc74       0x10 hpl/sercom/hpl_sercom.o
 .debug_macro   0x0001dc84      0x7a7 main.o
 .debug_macro   0x0001e42b      0x6aa stdio_redirect/gcc/read.o
 .debug_macro   0x0001ead5      0x6aa stdio_redirect/gcc/write.o
 .debug_macro   0x0001f17f      0x6a3 stdio_redirect/stdio_io.o
 .debug_macro   0x0001f822       0xaf stdio_redirect/stdio_io.o
 .debug_macro   0x0001f8d1      0x7a8 stdio_start.o

.debug_line     0x00000000    0x12557
 .debug_line    0x00000000      0xd61 atmel_start.o
 .debug_line    0x00000d61      0x7c6 Device_Startup/startup_samc21.o
 .debug_line    0x00001527      0xcf8 driver_init.o
 .debug_line    0x0000221f      0xaf2 hal/src/hal_atomic.o
 .debug_line    0x00002d11      0xb0a hal/src/hal_io.o
 .debug_line    0x0000381b      0xc90 hal/src/hal_timer.o
 .debug_line    0x000044ab      0xcd5 hal/src/hal_usart_sync.o
 .debug_line    0x00005180      0xabc hal/utils/src/utils_assert.o
 .debug_line    0x00005c3c      0xb55 hal/utils/src/utils_list.o
 .debug_line    0x00006791      0x40b hal/utils/src/utils_syscalls.o
 .debug_line    0x00006b9c      0xba9 hpl/core/hpl_init.o
 .debug_line    0x00007745      0xbc4 hpl/divas/hpl_divas.o
 .debug_line    0x00008309      0xb0e hpl/gclk/hpl_gclk.o
 .debug_line    0x00008e17      0xae4 hpl/mclk/hpl_mclk.o
 .debug_line    0x000098fb      0xafa hpl/osc32kctrl/hpl_osc32kctrl.o
 .debug_line    0x0000a3f5      0xb2b hpl/oscctrl/hpl_oscctrl.o
 .debug_line    0x0000af20      0xcf1 hpl/rtc/hpl_rtc.o
 .debug_line    0x0000bc11     0x2a43 hpl/sercom/hpl_sercom.o
 .debug_line    0x0000e654      0xdb9 main.o
 .debug_line    0x0000f40d      0xbe5 stdio_redirect/gcc/read.o
 .debug_line    0x0000fff2      0xbe6 stdio_redirect/gcc/write.o
 .debug_line    0x00010bd8      0xc09 stdio_redirect/stdio_io.o
 .debug_line    0x000117e1      0xd76 stdio_start.o

.debug_str      0x00000000    0x98172
 .debug_str     0x00000000    0x8d37a atmel_start.o
                              0x8df80 (size before relaxing)
 .debug_str     0x0008d37a      0x3e2 Device_Startup/startup_samc21.o
                              0x84cfb (size before relaxing)
 .debug_str     0x0008d75c     0x17ed driver_init.o
                              0x8b9bc (size before relaxing)
 .debug_str     0x0008ef49       0xb7 hal/src/hal_atomic.o
                              0x8946c (size before relaxing)
 .debug_str     0x0008f000       0x3a hal/src/hal_io.o
                              0x89519 (size before relaxing)
 .debug_str     0x0008f03a      0x2cc hal/src/hal_timer.o
                              0x89dab (size before relaxing)
 .debug_str     0x0008f306      0x4aa hal/src/hal_usart_sync.o
                              0x89fb9 (size before relaxing)
 .debug_str     0x0008f7b0       0x2a hal/utils/src/utils_assert.o
                              0x8947c (size before relaxing)
 .debug_str     0x0008f7da       0x31 hal/utils/src/utils_list.o
                              0x89526 (size before relaxing)
 .debug_str     0x0008f80b      0x77a hal/utils/src/utils_syscalls.o
                               0x732d (size before relaxing)
 .debug_str     0x0008ff85     0x1ab4 hpl/core/hpl_init.o
                              0x8b9a4 (size before relaxing)
 .debug_str     0x00091a39      0x27b hpl/divas/hpl_divas.o
                              0x896ed (size before relaxing)
 .debug_str     0x00091cb4      0x81b hpl/gclk/hpl_gclk.o
                              0x89db1 (size before relaxing)
 .debug_str     0x000924cf       0x47 hpl/mclk/hpl_mclk.o
                              0x8980d (size before relaxing)
 .debug_str     0x00092516      0x528 hpl/osc32kctrl/hpl_osc32kctrl.o
                              0x8998c (size before relaxing)
 .debug_str     0x00092a3e      0x8db hpl/oscctrl/hpl_oscctrl.o
                              0x89dac (size before relaxing)
 .debug_str     0x00093319      0x563 hpl/rtc/hpl_rtc.o
                              0x8a037 (size before relaxing)
 .debug_str     0x0009387c     0x47af hpl/sercom/hpl_sercom.o
                              0x8f0f0 (size before relaxing)
 .debug_str     0x0009802b       0x69 main.o
                              0x8e2f3 (size before relaxing)
 .debug_str     0x00098094       0x2b stdio_redirect/gcc/read.o
                              0x8d229 (size before relaxing)
 .debug_str     0x000980bf       0x2d stdio_redirect/gcc/write.o
                              0x8d22b (size before relaxing)
 .debug_str     0x000980ec       0x4b stdio_redirect/stdio_io.o
                              0x8d2c4 (size before relaxing)
 .debug_str     0x00098137       0x3b stdio_start.o
                              0x8dfb0 (size before relaxing)

.debug_frame    0x00000000     0x1de4
 .debug_frame   0x00000000       0x28 atmel_start.o
 .debug_frame   0x00000028       0x38 Device_Startup/startup_samc21.o
 .debug_frame   0x00000060       0x84 driver_init.o
 .debug_frame   0x000000e4       0x40 hal/src/hal_atomic.o
 .debug_frame   0x00000124       0x58 hal/src/hal_io.o
 .debug_frame   0x0000017c      0x13c hal/src/hal_timer.o
 .debug_frame   0x000002b8      0x1f8 hal/src/hal_usart_sync.o
 .debug_frame   0x000004b0       0x20 hal/utils/src/utils_assert.o
 .debug_frame   0x000004d0       0x88 hal/utils/src/utils_list.o
 .debug_frame   0x00000558       0xa8 hal/utils/src/utils_syscalls.o
 .debug_frame   0x00000600       0x28 hpl/core/hpl_init.o
 .debug_frame   0x00000628       0x90 hpl/divas/hpl_divas.o
 .debug_frame   0x000006b8       0x30 hpl/gclk/hpl_gclk.o
 .debug_frame   0x000006e8       0x20 hpl/mclk/hpl_mclk.o
 .debug_frame   0x00000708       0x20 hpl/osc32kctrl/hpl_osc32kctrl.o
 .debug_frame   0x00000728       0x30 hpl/oscctrl/hpl_oscctrl.o
 .debug_frame   0x00000758       0xf4 hpl/rtc/hpl_rtc.o
 .debug_frame   0x0000084c      0xe9c hpl/sercom/hpl_sercom.o
 .debug_frame   0x000016e8       0x60 main.o
 .debug_frame   0x00001748       0x28 stdio_redirect/gcc/read.o
 .debug_frame   0x00001770       0x28 stdio_redirect/gcc/write.o
 .debug_frame   0x00001798       0x6c stdio_redirect/stdio_io.o
 .debug_frame   0x00001804       0x40 stdio_start.o
 .debug_frame   0x00001844       0x2c c:/program files (x86)/atmel/studio/7.0/toolchain/arm/arm-gnu-toolchain/bin/../lib/gcc/arm-none-eabi/6.3.1/../../../../arm-none-eabi/lib/thumb/v6-m\libc_nano.a(lib_a-init.o)
 .debug_frame   0x00001870       0x20 c:/program files (x86)/atmel/studio/7.0/toolchain/arm/arm-gnu-toolchain/bin/../lib/gcc/arm-none-eabi/6.3.1/../../../../arm-none-eabi/lib/thumb/v6-m\libc_nano.a(lib_a-memset.o)
 .debug_frame   0x00001890       0x28 c:/program files (x86)/atmel/studio/7.0/toolchain/arm/arm-gnu-toolchain/bin/../lib/gcc/arm-none-eabi/6.3.1/../../../../arm-none-eabi/lib/thumb/v6-m\libc_nano.a(lib_a-setbuf.o)
 .debug_frame   0x000018b8       0x30 c:/program files (x86)/atmel/studio/7.0/toolchain/arm/arm-gnu-toolchain/bin/../lib/gcc/arm-none-eabi/6.3.1/../../../../arm-none-eabi/lib/thumb/v6-m\libc_nano.a(lib_a-setvbuf.o)
 .debug_frame   0x000018e8       0x68 c:/program files (x86)/atmel/studio/7.0/toolchain/arm/arm-gnu-toolchain/bin/../lib/gcc/arm-none-eabi/6.3.1/../../../../arm-none-eabi/lib/thumb/v6-m\libc_nano.a(lib_a-fflush.o)
 .debug_frame   0x00001950      0x140 c:/program files (x86)/atmel/studio/7.0/toolchain/arm/arm-gnu-toolchain/bin/../lib/gcc/arm-none-eabi/6.3.1/../../../../arm-none-eabi/lib/thumb/v6-m\libc_nano.a(lib_a-findfp.o)
 .debug_frame   0x00001a90       0x58 c:/program files (x86)/atmel/studio/7.0/toolchain/arm/arm-gnu-toolchain/bin/../lib/gcc/arm-none-eabi/6.3.1/../../../../arm-none-eabi/lib/thumb/v6-m\libc_nano.a(lib_a-fwalk.o)
 .debug_frame   0x00001ae8       0x54 c:/program files (x86)/atmel/studio/7.0/toolchain/arm/arm-gnu-toolchain/bin/../lib/gcc/arm-none-eabi/6.3.1/../../../../arm-none-eabi/lib/thumb/v6-m\libc_nano.a(lib_a-makebuf.o)
 .debug_frame   0x00001b3c       0x40 c:/program files (x86)/atmel/studio/7.0/toolchain/arm/arm-gnu-toolchain/bin/../lib/gcc/arm-none-eabi/6.3.1/../../../../arm-none-eabi/lib/thumb/v6-m\libc_nano.a(lib_a-malloc.o)
 .debug_frame   0x00001b7c       0x2c c:/program files (x86)/atmel/studio/7.0/toolchain/arm/arm-gnu-toolchain/bin/../lib/gcc/arm-none-eabi/6.3.1/../../../../arm-none-eabi/lib/thumb/v6-m\libc_nano.a(lib_a-nano-freer.o)
 .debug_frame   0x00001ba8       0x2c c:/program files (x86)/atmel/studio/7.0/toolchain/arm/arm-gnu-toolchain/bin/../lib/gcc/arm-none-eabi/6.3.1/../../../../arm-none-eabi/lib/thumb/v6-m\libc_nano.a(lib_a-nano-mallocr.o)
 .debug_frame   0x00001bd4       0x2c c:/program files (x86)/atmel/studio/7.0/toolchain/arm/arm-gnu-toolchain/bin/../lib/gcc/arm-none-eabi/6.3.1/../../../../arm-none-eabi/lib/thumb/v6-m\libc_nano.a(lib_a-sbrkr.o)
 .debug_frame   0x00001c00       0x90 c:/program files (x86)/atmel/studio/7.0/toolchain/arm/arm-gnu-toolchain/bin/../lib/gcc/arm-none-eabi/6.3.1/../../../../arm-none-eabi/lib/thumb/v6-m\libc_nano.a(lib_a-stdio.o)
 .debug_frame   0x00001c90       0x2c c:/program files (x86)/atmel/studio/7.0/toolchain/arm/arm-gnu-toolchain/bin/../lib/gcc/arm-none-eabi/6.3.1/../../../../arm-none-eabi/lib/thumb/v6-m\libc_nano.a(lib_a-writer.o)
 .debug_frame   0x00001cbc       0x2c c:/program files (x86)/atmel/studio/7.0/toolchain/arm/arm-gnu-toolchain/bin/../lib/gcc/arm-none-eabi/6.3.1/../../../../arm-none-eabi/lib/thumb/v6-m\libc_nano.a(lib_a-closer.o)
 .debug_frame   0x00001ce8       0x2c c:/program files (x86)/atmel/studio/7.0/toolchain/arm/arm-gnu-toolchain/bin/../lib/gcc/arm-none-eabi/6.3.1/../../../../arm-none-eabi/lib/thumb/v6-m\libc_nano.a(lib_a-fstatr.o)
 .debug_frame   0x00001d14       0x2c c:/program files (x86)/atmel/studio/7.0/toolchain/arm/arm-gnu-toolchain/bin/../lib/gcc/arm-none-eabi/6.3.1/../../../../arm-none-eabi/lib/thumb/v6-m\libc_nano.a(lib_a-lseekr.o)
 .debug_frame   0x00001d40       0x30 c:/program files (x86)/atmel/studio/7.0/toolchain/arm/arm-gnu-toolchain/bin/../lib/gcc/arm-none-eabi/6.3.1/../../../../arm-none-eabi/lib/thumb/v6-m\libc_nano.a(lib_a-mlock.o)
 .debug_frame   0x00001d70       0x2c c:/program files (x86)/atmel/studio/7.0/toolchain/arm/arm-gnu-toolchain/bin/../lib/gcc/arm-none-eabi/6.3.1/../../../../arm-none-eabi/lib/thumb/v6-m\libc_nano.a(lib_a-readr.o)
 .debug_frame   0x00001d9c       0x48 c:/program files (x86)/atmel/studio/7.0/toolchain/arm/arm-gnu-toolchain/bin/../lib/gcc/arm-none-eabi/6.3.1/../